// Jest Snapshot v1, https://goo.gl/fbAQLP

exports[`ResultCard should match the snapshot 1`] = `ShallowWrapper {}`;
